0000fe          ; GLOBAL @TXTPTR
0003ff          ; GLOBAL @TXTROW
0003fe          ; GLOBAL @TXTPOS
000200          ; GLOBAL @TXTBUFFER
000280          ; GLOBAL @TXTBUFFER2
0003fd          ; GLOBAL @DISPMODE

010000 ; SUB Start:
00d000          ; VAR @ARGN
00d001-00d003   ; VAR @CMD
00d004-00d006   ; VAR @CHAR
010000 4f 5c 29 00 ff                      jsr.a24 ($ff0029)     ; os4_NextLine
010005 2f ad 00 d0                         lda.t $00d000         ; ARGN
010009 4f 5c 20 00 ff                      jsr.a24 ($ff0020)     ; os4_PrintHexByte
01000e 4f 5c 29 00 ff                      jsr.a24 ($ff0029)     ; os4_NextLine
010013 2f ad 01 d0                         lda.t $00d001         ; CMD
010017 2f 8d 00 d7                         sta.t $00d700
01001b 4f 5c 17 00 ff                      jsr.a24 ($ff0017)     ; os4_PrintString
010020 4f 5c 29 00 ff                      jsr.a24 ($ff0029)     ; os4_NextLine
010025 ad 00 d0                            lda $d000             ; ARGN
010028                                 ;; IF <= 1 {
010028 c9 01                               cmp #$1
01002a f0 02                               beq +2                ; IF10028_end_eq [1002e]
01002c b0 07                               bcs +7                ; IF10028_else [10035]
01002e                 IF10028_end_eq:
01002e 4f 4c 3a 00 01                      jmp.a24 $01003a       ; AsciiChart
010033 80 05                               bra +5                ; IF10028_end [1003a]
010035                 IF10028_else:
010035                                 ;; ELSE
010035 4f 4c ab 00 01                      jmp.a24 $0100ab       ; ConvertToAscii
01003a                 IF10028_end:

01003a ; SUB AsciiChart:
000000          ; VAR @I
000001          ; VAR @J
000002          ; VAR @C
01003a 2f a9 af 00 01                      lda.t #$100af         ; ASCIIHeaderStr
01003f 2f 8d 00 d7                         sta.t $00d700
010043 4f 5c 17 00 ff                      jsr.a24 ($ff0017)     ; os4_PrintString
010048 4f 5c 29 00 ff                      jsr.a24 ($ff0029)     ; os4_NextLine
01004d 2f a9 c2 00 01                      lda.t #$100c2         ; ASCIIDashesStr
010052 2f 8d 00 d7                         sta.t $00d700
010056 4f 5c 17 00 ff                      jsr.a24 ($ff0017)     ; os4_PrintString
01005b 4f 5c 29 00 ff                      jsr.a24 ($ff0029)     ; os4_NextLine
010060                 FOR10060_start:
010060                                 ;; FOR @I = 0 TO 15 {
010060 a2 00                               ldx #$0
010062 86 00                               stx $00
010064                 FOR10060_loop:
010064 a5 00                               lda $00               ; I
010066 4f 5c 1d 00 ff                      jsr.a24 ($ff001d)     ; os4_PrintHexDigit
01006b a9 ad                               lda #$ad
01006d 4f 5c 0b 00 ff                      jsr.a24 ($ff000b)     ; os4_PrintChar
010072                 FOR10072_start:
010072                                 ;; FOR @J = 0 TO 15 {
010072 a2 00                               ldx #$0
010074 86 01                               stx $01
010076                 FOR10072_loop:
010076 a5 02                               lda $02               ; C
010078 4f 5c 0b 00 ff                      jsr.a24 ($ff000b)     ; os4_PrintChar
01007d e6 02                               inc $02               ; C
01007f e6 01                               inc $01
010081 a6 01                               ldx $01
010083 e0 10                               cpx #$10
010085 d0 ef                               bne -17               ; FOR10072_loop [10076]
010087                 FOR10072_end:
010087 4f 5c 29 00 ff                      jsr.a24 ($ff0029)     ; os4_NextLine
01008c e6 00                               inc $00
01008e a6 00                               ldx $00
010090 e0 10                               cpx #$10
010092 d0 d0                               bne -48               ; FOR10060_loop [10064]
010094                 FOR10060_end:
010094 2f a9 c2 00 01                      lda.t #$100c2         ; ASCIIDashesStr
010099 2f 8d 00 d7                         sta.t $00d700
01009d 4f 5c 17 00 ff                      jsr.a24 ($ff0017)     ; os4_PrintString
0100a2 4f 5c 29 00 ff                      jsr.a24 ($ff0029)     ; os4_NextLine
0100a7 a9 00                               lda #$0
0100a9 4f 60                               rts.a24

0100ab ; SUB ConvertToAscii:
00d000          ; VAR @ARGN
00d001-00d003   ; VAR @CHAR
0100ab a9 00                               lda #$0
0100ad 4f 60                               rts.a24

0100af ; DATA ASCIIHeaderStr:
0100af 20 20 30 31 32 33 34 35 36 37 38 39 41 42 43 44 45 46 00

0100c2 ; DATA ASCIIDashesStr:
0100c2 20 20 2d 2d 2d 2d 2d 2d 2d 2d 2d 2d 2d 2d 2d 2d 2d 2d 00
